Archive member included to satisfy reference by file (symbol)

c:/users/jerry/appdata/roaming/code/user/globalstorage/bmd.stm32-for-vscode/@xpack-dev-tools/arm-none-eabi-gcc/10.3.1-2.3.1/.content/bin/../lib/gcc/arm-none-eabi/10.3.1/../../../../arm-none-eabi/lib/thumb/v7e-m+fp/hard\libc_nano.a(lib_a-exit.o)
                              c:/users/jerry/appdata/roaming/code/user/globalstorage/bmd.stm32-for-vscode/@xpack-dev-tools/arm-none-eabi-gcc/10.3.1-2.3.1/.content/bin/../lib/gcc/arm-none-eabi/10.3.1/../../../../arm-none-eabi/lib/thumb/v7e-m+fp/hard/crt0.o (exit)
c:/users/jerry/appdata/roaming/code/user/globalstorage/bmd.stm32-for-vscode/@xpack-dev-tools/arm-none-eabi-gcc/10.3.1-2.3.1/.content/bin/../lib/gcc/arm-none-eabi/10.3.1/../../../../arm-none-eabi/lib/thumb/v7e-m+fp/hard\libc_nano.a(lib_a-impure.o)
                              c:/users/jerry/appdata/roaming/code/user/globalstorage/bmd.stm32-for-vscode/@xpack-dev-tools/arm-none-eabi-gcc/10.3.1-2.3.1/.content/bin/../lib/gcc/arm-none-eabi/10.3.1/../../../../arm-none-eabi/lib/thumb/v7e-m+fp/hard\libc_nano.a(lib_a-exit.o) (_global_impure_ptr)
c:/users/jerry/appdata/roaming/code/user/globalstorage/bmd.stm32-for-vscode/@xpack-dev-tools/arm-none-eabi-gcc/10.3.1-2.3.1/.content/bin/../lib/gcc/arm-none-eabi/10.3.1/../../../../arm-none-eabi/lib/thumb/v7e-m+fp/hard\libc_nano.a(lib_a-init.o)
                              c:/users/jerry/appdata/roaming/code/user/globalstorage/bmd.stm32-for-vscode/@xpack-dev-tools/arm-none-eabi-gcc/10.3.1-2.3.1/.content/bin/../lib/gcc/arm-none-eabi/10.3.1/../../../../arm-none-eabi/lib/thumb/v7e-m+fp/hard/crt0.o (__libc_init_array)
c:/users/jerry/appdata/roaming/code/user/globalstorage/bmd.stm32-for-vscode/@xpack-dev-tools/arm-none-eabi-gcc/10.3.1-2.3.1/.content/bin/../lib/gcc/arm-none-eabi/10.3.1/../../../../arm-none-eabi/lib/thumb/v7e-m+fp/hard\libc_nano.a(lib_a-memset.o)
                              c:/users/jerry/appdata/roaming/code/user/globalstorage/bmd.stm32-for-vscode/@xpack-dev-tools/arm-none-eabi-gcc/10.3.1-2.3.1/.content/bin/../lib/gcc/arm-none-eabi/10.3.1/../../../../arm-none-eabi/lib/thumb/v7e-m+fp/hard/crt0.o (memset)
c:/users/jerry/appdata/roaming/code/user/globalstorage/bmd.stm32-for-vscode/@xpack-dev-tools/arm-none-eabi-gcc/10.3.1-2.3.1/.content/bin/../lib/gcc/arm-none-eabi/10.3.1/../../../../arm-none-eabi/lib/thumb/v7e-m+fp/hard\libnosys.a(_exit.o)
                              c:/users/jerry/appdata/roaming/code/user/globalstorage/bmd.stm32-for-vscode/@xpack-dev-tools/arm-none-eabi-gcc/10.3.1-2.3.1/.content/bin/../lib/gcc/arm-none-eabi/10.3.1/../../../../arm-none-eabi/lib/thumb/v7e-m+fp/hard\libc_nano.a(lib_a-exit.o) (_exit)
c:/users/jerry/appdata/roaming/code/user/globalstorage/bmd.stm32-for-vscode/@xpack-dev-tools/arm-none-eabi-gcc/10.3.1-2.3.1/.content/bin/../lib/gcc/arm-none-eabi/10.3.1/thumb/v7e-m+fp/hard\libgcc.a(_aeabi_uldivmod.o)
                              build/stm32f4xx_hal_rcc.o (__aeabi_uldivmod)
c:/users/jerry/appdata/roaming/code/user/globalstorage/bmd.stm32-for-vscode/@xpack-dev-tools/arm-none-eabi-gcc/10.3.1-2.3.1/.content/bin/../lib/gcc/arm-none-eabi/10.3.1/thumb/v7e-m+fp/hard\libgcc.a(_udivmoddi4.o)
                              c:/users/jerry/appdata/roaming/code/user/globalstorage/bmd.stm32-for-vscode/@xpack-dev-tools/arm-none-eabi-gcc/10.3.1-2.3.1/.content/bin/../lib/gcc/arm-none-eabi/10.3.1/thumb/v7e-m+fp/hard\libgcc.a(_aeabi_uldivmod.o) (__udivmoddi4)
c:/users/jerry/appdata/roaming/code/user/globalstorage/bmd.stm32-for-vscode/@xpack-dev-tools/arm-none-eabi-gcc/10.3.1-2.3.1/.content/bin/../lib/gcc/arm-none-eabi/10.3.1/thumb/v7e-m+fp/hard\libgcc.a(_dvmd_tls.o)
                              c:/users/jerry/appdata/roaming/code/user/globalstorage/bmd.stm32-for-vscode/@xpack-dev-tools/arm-none-eabi-gcc/10.3.1-2.3.1/.content/bin/../lib/gcc/arm-none-eabi/10.3.1/thumb/v7e-m+fp/hard\libgcc.a(_aeabi_uldivmod.o) (__aeabi_ldiv0)

Discarded input sections

 .text          0x0000000000000000        0x0 c:/users/jerry/appdata/roaming/code/user/globalstorage/bmd.stm32-for-vscode/@xpack-dev-tools/arm-none-eabi-gcc/10.3.1-2.3.1/.content/bin/../lib/gcc/arm-none-eabi/10.3.1/thumb/v7e-m+fp/hard/crti.o
 .data          0x0000000000000000        0x0 c:/users/jerry/appdata/roaming/code/user/globalstorage/bmd.stm32-for-vscode/@xpack-dev-tools/arm-none-eabi-gcc/10.3.1-2.3.1/.content/bin/../lib/gcc/arm-none-eabi/10.3.1/thumb/v7e-m+fp/hard/crti.o
 .bss           0x0000000000000000        0x0 c:/users/jerry/appdata/roaming/code/user/globalstorage/bmd.stm32-for-vscode/@xpack-dev-tools/arm-none-eabi-gcc/10.3.1-2.3.1/.content/bin/../lib/gcc/arm-none-eabi/10.3.1/thumb/v7e-m+fp/hard/crti.o
 .text          0x0000000000000000        0x0 c:/users/jerry/appdata/roaming/code/user/globalstorage/bmd.stm32-for-vscode/@xpack-dev-tools/arm-none-eabi-gcc/10.3.1-2.3.1/.content/bin/../lib/gcc/arm-none-eabi/10.3.1/thumb/v7e-m+fp/hard/crtbegin.o
[...]
Memory Configuration

Name             Origin             Length             Attributes
RAM              0x0000000020000000 0x0000000000020000 xrw
CCMRAM           0x0000000010000000 0x0000000000010000 xrw
FLASH            0x0000000008000000 0x0000000000100000 xr
*default*        0x0000000000000000 0xffffffffffffffff

Linker script and memory map

LOAD c:/users/jerry/appdata/roaming/code/user/globalstorage/bmd.stm32-for-vscode/@xpack-dev-tools/arm-none-eabi-gcc/10.3.1-2.3.1/.content/bin/../lib/gcc/arm-none-eabi/10.3.1/thumb/v7e-m+fp/hard/crti.o
LOAD c:/users/jerry/appdata/roaming/code/user/globalstorage/bmd.stm32-for-vscode/@xpack-dev-tools/arm-none-eabi-gcc/10.3.1-2.3.1/.content/bin/../lib/gcc/arm-none-eabi/10.3.1/thumb/v7e-m+fp/hard/crtbegin.o
LOAD c:/users/jerry/appdata/roaming/code/user/globalstorage/bmd.stm32-for-vscode/@xpack-dev-tools/arm-none-eabi-gcc/10.3.1-2.3.1/.content/bin/../lib/gcc/arm-none-eabi/10.3.1/../../../../arm-none-eabi/lib/thumb/v7e-m+fp/hard/crt0.o
LOAD build/stm32f4xx_hal.o
LOAD build/stm32f4xx_hal_cortex.o
LOAD build/stm32f4xx_hal_dma.o
LOAD build/stm32f4xx_hal_dma_ex.o
LOAD build/stm32f4xx_hal_exti.o
LOAD build/stm32f4xx_hal_flash.o
LOAD build/stm32f4xx_hal_flash_ex.o
LOAD build/stm32f4xx_hal_flash_ramfunc.o
LOAD build/stm32f4xx_hal_gpio.o
LOAD build/stm32f4xx_hal_pwr.o
LOAD build/stm32f4xx_hal_pwr_ex.o
LOAD build/stm32f4xx_hal_rcc.o
LOAD build/stm32f4xx_hal_rcc_ex.o
LOAD build/stm32f4xx_hal_tim.o
LOAD build/stm32f4xx_hal_tim_ex.o
LOAD build/stm32f4xx_hal_uart.o
LOAD build/gpio.o
LOAD build/main.o
LOAD build/stm32f4xx_hal_msp.o
LOAD build/stm32f4xx_it.o
LOAD build/system_stm32f4xx.o
LOAD build/usart.o
LOAD build/startup_stm32f407xx.o
LOAD c:/users/jerry/appdata/roaming/code/user/globalstorage/bmd.stm32-for-vscode/@xpack-dev-tools/arm-none-eabi-gcc/10.3.1-2.3.1/.content/bin/../lib/gcc/arm-none-eabi/10.3.1/../../../../arm-none-eabi/lib/thumb/v7e-m+fp/hard\libc_nano.a
LOAD c:/users/jerry/appdata/roaming/code/user/globalstorage/bmd.stm32-for-vscode/@xpack-dev-tools/arm-none-eabi-gcc/10.3.1-2.3.1/.content/bin/../lib/gcc/arm-none-eabi/10.3.1/../../../../arm-none-eabi/lib/thumb/v7e-m+fp/hard\libm.a
LOAD c:/users/jerry/appdata/roaming/code/user/globalstorage/bmd.stm32-for-vscode/@xpack-dev-tools/arm-none-eabi-gcc/10.3.1-2.3.1/.content/bin/../lib/gcc/arm-none-eabi/10.3.1/../../../../arm-none-eabi/lib/thumb/v7e-m+fp/hard\libnosys.a
START GROUP
LOAD c:/users/jerry/appdata/roaming/code/user/globalstorage/bmd.stm32-for-vscode/@xpack-dev-tools/arm-none-eabi-gcc/10.3.1-2.3.1/.content/bin/../lib/gcc/arm-none-eabi/10.3.1/thumb/v7e-m+fp/hard\libgcc.a
LOAD c:/users/jerry/appdata/roaming/code/user/globalstorage/bmd.stm32-for-vscode/@xpack-dev-tools/arm-none-eabi-gcc/10.3.1-2.3.1/.content/bin/../lib/gcc/arm-none-eabi/10.3.1/../../../../arm-none-eabi/lib/thumb/v7e-m+fp/hard\libc_nano.a
END GROUP
START GROUP
LOAD c:/users/jerry/appdata/roaming/code/user/globalstorage/bmd.stm32-for-vscode/@xpack-dev-tools/arm-none-eabi-gcc/10.3.1-2.3.1/.content/bin/../lib/gcc/arm-none-eabi/10.3.1/thumb/v7e-m+fp/hard\libgcc.a
LOAD c:/users/jerry/appdata/roaming/code/user/globalstorage/bmd.stm32-for-vscode/@xpack-dev-tools/arm-none-eabi-gcc/10.3.1-2.3.1/.content/bin/../lib/gcc/arm-none-eabi/10.3.1/../../../../arm-none-eabi/lib/thumb/v7e-m+fp/hard\libc_nano.a
END GROUP
LOAD c:/users/jerry/appdata/roaming/code/user/globalstorage/bmd.stm32-for-vscode/@xpack-dev-tools/arm-none-eabi-gcc/10.3.1-2.3.1/.content/bin/../lib/gcc/arm-none-eabi/10.3.1/thumb/v7e-m+fp/hard/crtend.o
LOAD c:/users/jerry/appdata/roaming/code/user/globalstorage/bmd.stm32-for-vscode/@xpack-dev-tools/arm-none-eabi-gcc/10.3.1-2.3.1/.content/bin/../lib/gcc/arm-none-eabi/10.3.1/thumb/v7e-m+fp/hard/crtn.o
                0x0000000020020000                _estack = (ORIGIN (RAM) + LENGTH (RAM))
                0x0000000000000200                _Min_Heap_Size = 0x200
                0x0000000000000400                _Min_Stack_Size = 0x400

.isr_vector     0x0000000008000000      0x188
                0x0000000008000000                . = ALIGN (0x4)
 *(.isr_vector)
 .isr_vector    0x0000000008000000      0x188 build/startup_stm32f407xx.o
                0x0000000008000000                g_pfnVectors
                0x0000000008000188                . = ALIGN (0x4)

.text           0x0000000008000188     0x144c
                0x0000000008000188                . = ALIGN (0x4)
 *(.text)
 .text          0x0000000008000188       0x30 c:/users/jerry/appdata/roaming/code/user/globalstorage/bmd.stm32-for-vscode/@xpack-dev-tools/arm-none-eabi-gcc/10.3.1-2.3.1/.content/bin/../lib/gcc/arm-none-eabi/10.3.1/thumb/v7e-m+fp/hard\libgcc.a(_aeabi_uldivmod.o)
                0x0000000008000188                __aeabi_uldivmod
 .text          0x00000000080001b8        0x4 c:/users/jerry/appdata/roaming/code/user/globalstorage/bmd.stm32-for-vscode/@xpack-dev-tools/arm-none-eabi-gcc/10.3.1-2.3.1/.content/bin/../lib/gcc/arm-none-eabi/10.3.1/thumb/v7e-m+fp/hard\libgcc.a(_dvmd_tls.o)
                0x00000000080001b8                __aeabi_idiv0
                0x00000000080001b8                __aeabi_ldiv0
 *(.text*)
 .text.__do_global_dtors_aux
                0x00000000080001bc       0x24 c:/users/jerry/appdata/roaming/code/user/globalstorage/bmd.stm32-for-vscode/@xpack-dev-tools/arm-none-eabi-gcc/10.3.1-2.3.1/.content/bin/../lib/gcc/arm-none-eabi/10.3.1/thumb/v7e-m+fp/hard/crtbegin.o
 .text.frame_dummy
                0x00000000080001e0       0x1c c:/users/jerry/appdata/roaming/code/user/globalstorage/bmd.stm32-for-vscode/@xpack-dev-tools/arm-none-eabi-gcc/10.3.1-2.3.1/.content/bin/../lib/gcc/arm-none-eabi/10.3.1/thumb/v7e-m+fp/hard/crtbegin.o
 .text.HAL_InitTick
                0x00000000080001fc       0x4c build/stm32f4xx_hal.o
                0x00000000080001fc                HAL_InitTick
 .text.HAL_Init
                0x0000000008000248       0x34 build/stm32f4xx_hal.o
                0x0000000008000248                HAL_Init
 .text.HAL_IncTick
                0x000000000800027c       0x18 build/stm32f4xx_hal.o
                0x000000000800027c                HAL_IncTick
 .text.HAL_GetTick
                0x0000000008000294        0xc build/stm32f4xx_hal.o
                0x0000000008000294                HAL_GetTick
 .text.HAL_Delay
                0x00000000080002a0       0x28 build/stm32f4xx_hal.o
                0x00000000080002a0                HAL_Delay
 .text.HAL_NVIC_SetPriorityGrouping
                0x00000000080002c8       0x24 build/stm32f4xx_hal_cortex.o
                0x00000000080002c8                HAL_NVIC_SetPriorityGrouping
 .text.HAL_NVIC_SetPriority
                0x00000000080002ec       0x70 build/stm32f4xx_hal_cortex.o
                0x00000000080002ec                HAL_NVIC_SetPriority
 .text.HAL_NVIC_EnableIRQ
                0x000000000800035c       0x1c build/stm32f4xx_hal_cortex.o
                0x000000000800035c                HAL_NVIC_EnableIRQ
 .text.HAL_SYSTICK_Config
                0x0000000008000378       0x28 build/stm32f4xx_hal_cortex.o
                0x0000000008000378                HAL_SYSTICK_Config
 .text.HAL_GPIO_Init
                0x00000000080003a0      0x1e4 build/stm32f4xx_hal_gpio.o
                0x00000000080003a0                HAL_GPIO_Init
 .text.HAL_GPIO_WritePin
                0x0000000008000584        0xc build/stm32f4xx_hal_gpio.o
                0x0000000008000584                HAL_GPIO_WritePin
 .text.HAL_GPIO_TogglePin
                0x0000000008000590       0x12 build/stm32f4xx_hal_gpio.o
                0x0000000008000590                HAL_GPIO_TogglePin
 *fill*         0x00000000080005a2        0x2 
 .text.HAL_RCC_OscConfig
                0x00000000080005a4      0x3f8 build/stm32f4xx_hal_rcc.o
                0x00000000080005a4                HAL_RCC_OscConfig
 .text.HAL_RCC_GetSysClockFreq
                0x000000000800099c       0xa4 build/stm32f4xx_hal_rcc.o
                0x000000000800099c                HAL_RCC_GetSysClockFreq
 .text.HAL_RCC_ClockConfig
                0x0000000008000a40      0x160 build/stm32f4xx_hal_rcc.o
                0x0000000008000a40                HAL_RCC_ClockConfig
 .text.HAL_RCC_GetHCLKFreq
                0x0000000008000ba0        0xc build/stm32f4xx_hal_rcc.o
                0x0000000008000ba0                HAL_RCC_GetHCLKFreq
 .text.HAL_RCC_GetPCLK1Freq
                0x0000000008000bac       0x20 build/stm32f4xx_hal_rcc.o
                0x0000000008000bac                HAL_RCC_GetPCLK1Freq
 .text.HAL_RCC_GetPCLK2Freq
                0x0000000008000bcc       0x20 build/stm32f4xx_hal_rcc.o
                0x0000000008000bcc                HAL_RCC_GetPCLK2Freq
 .text.UART_SetConfig
                0x0000000008000bec      0x110 build/stm32f4xx_hal_uart.o
 .text.UART_WaitOnFlagUntilTimeout
                0x0000000008000cfc       0x88 build/stm32f4xx_hal_uart.o
 .text.HAL_UART_Init
                0x0000000008000d84       0x5e build/stm32f4xx_hal_uart.o
                0x0000000008000d84                HAL_UART_Init
 .text.HAL_UART_Transmit
                0x0000000008000de2       0xd8 build/stm32f4xx_hal_uart.o
                0x0000000008000de2                HAL_UART_Transmit
 *fill*         0x0000000008000eba        0x2 
 .text.MX_GPIO_Init
                0x0000000008000ebc       0xb0 build/gpio.o
                0x0000000008000ebc                MX_GPIO_Init
 .text.USART1_IRQHandler
                0x0000000008000f6c       0x60 build/main.o
                0x0000000008000f6c                USART1_IRQHandler
 .text.SystemClock_Config
                0x0000000008000fcc       0x98 build/main.o
                0x0000000008000fcc                SystemClock_Config
 .text.main     0x0000000008001064       0x5c build/main.o
                0x0000000008001064                main
 .text.Error_Handler
                0x00000000080010c0        0x2 build/main.o
                0x00000000080010c0                Error_Handler
 *fill*         0x00000000080010c2        0x2 
 .text.HAL_MspInit
                0x00000000080010c4       0x38 build/stm32f4xx_hal_msp.o
                0x00000000080010c4                HAL_MspInit
 .text.NMI_Handler
                0x00000000080010fc        0x2 build/stm32f4xx_it.o
                0x00000000080010fc                NMI_Handler
 .text.HardFault_Handler
                0x00000000080010fe        0x2 build/stm32f4xx_it.o
                0x00000000080010fe                HardFault_Handler
 .text.MemManage_Handler
                0x0000000008001100        0x2 build/stm32f4xx_it.o
                0x0000000008001100                MemManage_Handler
 .text.BusFault_Handler
                0x0000000008001102        0x2 build/stm32f4xx_it.o
                0x0000000008001102                BusFault_Handler
 .text.UsageFault_Handler
                0x0000000008001104        0x2 build/stm32f4xx_it.o
                0x0000000008001104                UsageFault_Handler
 .text.SVC_Handler
                0x0000000008001106        0x2 build/stm32f4xx_it.o
                0x0000000008001106                SVC_Handler
 .text.DebugMon_Handler
                0x0000000008001108        0x2 build/stm32f4xx_it.o
                0x0000000008001108                DebugMon_Handler
 .text.PendSV_Handler
                0x000000000800110a        0x2 build/stm32f4xx_it.o
                0x000000000800110a                PendSV_Handler
 .text.SysTick_Handler
                0x000000000800110c        0x8 build/stm32f4xx_it.o
                0x000000000800110c                SysTick_Handler
 .text.SystemInit
                0x0000000008001114       0x4c build/system_stm32f4xx.o
                0x0000000008001114                SystemInit
 .text.MX_USART1_UART_Init
                0x0000000008001160       0x34 build/usart.o
                0x0000000008001160                MX_USART1_UART_Init
 .text.HAL_UART_MspInit
                0x0000000008001194       0xac build/usart.o
                0x0000000008001194                HAL_UART_MspInit
 .text.Reset_Handler
                0x0000000008001240       0x50 build/startup_stm32f407xx.o
                0x0000000008001240                Reset_Handler
 .text.Default_Handler
                0x0000000008001290        0x2 build/startup_stm32f407xx.o
                0x0000000008001290                RTC_Alarm_IRQHandler
                0x0000000008001290                HASH_RNG_IRQHandler
                0x0000000008001290                EXTI2_IRQHandler
                0x0000000008001290                TIM8_CC_IRQHandler
                0x0000000008001290                TIM1_CC_IRQHandler
                0x0000000008001290                DMA2_Stream5_IRQHandler
                0x0000000008001290                DMA1_Stream5_IRQHandler
                0x0000000008001290                PVD_IRQHandler
                0x0000000008001290                SDIO_IRQHandler
                0x0000000008001290                TAMP_STAMP_IRQHandler
                0x0000000008001290                CAN2_RX1_IRQHandler
                0x0000000008001290                EXTI3_IRQHandler
                0x0000000008001290                TIM8_TRG_COM_TIM14_IRQHandler
                0x0000000008001290                TIM1_UP_TIM10_IRQHandler
                0x0000000008001290                TIM8_UP_TIM13_IRQHandler
                0x0000000008001290                I2C3_ER_IRQHandler
                0x0000000008001290                EXTI0_IRQHandler
                0x0000000008001290                I2C2_EV_IRQHandler
                0x0000000008001290                DMA1_Stream2_IRQHandler
                0x0000000008001290                CAN1_RX0_IRQHandler
                0x0000000008001290                FPU_IRQHandler
                0x0000000008001290                OTG_HS_WKUP_IRQHandler
                0x0000000008001290                CAN2_SCE_IRQHandler
                0x0000000008001290                DMA2_Stream2_IRQHandler
                0x0000000008001290                SPI1_IRQHandler
                0x0000000008001290                TIM6_DAC_IRQHandler
                0x0000000008001290                TIM1_BRK_TIM9_IRQHandler
                0x0000000008001290                DCMI_IRQHandler
                0x0000000008001290                CAN2_RX0_IRQHandler
                0x0000000008001290                DMA2_Stream3_IRQHandler
                0x0000000008001290                USART6_IRQHandler
                0x0000000008001290                USART3_IRQHandler
                0x0000000008001290                CAN1_RX1_IRQHandler
                0x0000000008001290                UART5_IRQHandler
                0x0000000008001290                DMA2_Stream0_IRQHandler
                0x0000000008001290                TIM4_IRQHandler
                0x0000000008001290                I2C1_EV_IRQHandler
                0x0000000008001290                DMA1_Stream6_IRQHandler
                0x0000000008001290                DMA1_Stream1_IRQHandler
                0x0000000008001290                UART4_IRQHandler
                0x0000000008001290                TIM3_IRQHandler
                0x0000000008001290                RCC_IRQHandler
                0x0000000008001290                TIM8_BRK_TIM12_IRQHandler
                0x0000000008001290                Default_Handler
                0x0000000008001290                EXTI15_10_IRQHandler
                0x0000000008001290                ADC_IRQHandler
                0x0000000008001290                DMA1_Stream7_IRQHandler
                0x0000000008001290                TIM7_IRQHandler
                0x0000000008001290                CAN2_TX_IRQHandler
                0x0000000008001290                TIM5_IRQHandler
                0x0000000008001290                DMA2_Stream7_IRQHandler
                0x0000000008001290                I2C3_EV_IRQHandler
                0x0000000008001290                EXTI9_5_IRQHandler
                0x0000000008001290                RTC_WKUP_IRQHandler
                0x0000000008001290                ETH_WKUP_IRQHandler
                0x0000000008001290                SPI2_IRQHandler
                0x0000000008001290                OTG_HS_EP1_IN_IRQHandler
                0x0000000008001290                DMA1_Stream0_IRQHandler
                0x0000000008001290                CAN1_TX_IRQHandler
                0x0000000008001290                EXTI4_IRQHandler
                0x0000000008001290                FSMC_IRQHandler
                0x0000000008001290                ETH_IRQHandler
                0x0000000008001290                OTG_HS_EP1_OUT_IRQHandler
                0x0000000008001290                WWDG_IRQHandler
                0x0000000008001290                TIM2_IRQHandler
                0x0000000008001290                OTG_FS_WKUP_IRQHandler
                0x0000000008001290                TIM1_TRG_COM_TIM11_IRQHandler
                0x0000000008001290                OTG_HS_IRQHandler
                0x0000000008001290                EXTI1_IRQHandler
                0x0000000008001290                USART2_IRQHandler
                0x0000000008001290                I2C2_ER_IRQHandler
                0x0000000008001290                DMA2_Stream1_IRQHandler
                0x0000000008001290                CAN1_SCE_IRQHandler
                0x0000000008001290                FLASH_IRQHandler
                0x0000000008001290                DMA2_Stream4_IRQHandler
                0x0000000008001290                OTG_FS_IRQHandler
                0x0000000008001290                SPI3_IRQHandler
                0x0000000008001290                DMA1_Stream4_IRQHandler
                0x0000000008001290                I2C1_ER_IRQHandler
                0x0000000008001290                DMA2_Stream6_IRQHandler
                0x0000000008001290                DMA1_Stream3_IRQHandler
 *fill*         0x0000000008001292        0x2 
 .text.__libc_init_array
                0x0000000008001294       0x48 c:/users/jerry/appdata/roaming/code/user/globalstorage/bmd.stm32-for-vscode/@xpack-dev-tools/arm-none-eabi-gcc/10.3.1-2.3.1/.content/bin/../lib/gcc/arm-none-eabi/10.3.1/../../../../arm-none-eabi/lib/thumb/v7e-m+fp/hard\libc_nano.a(lib_a-init.o)
                0x0000000008001294                __libc_init_array
 .text.memset   0x00000000080012dc       0x10 c:/users/jerry/appdata/roaming/code/user/globalstorage/bmd.stm32-for-vscode/@xpack-dev-tools/arm-none-eabi-gcc/10.3.1-2.3.1/.content/bin/../lib/gcc/arm-none-eabi/10.3.1/../../../../arm-none-eabi/lib/thumb/v7e-m+fp/hard\libc_nano.a(lib_a-memset.o)
                0x00000000080012dc                memset
 .text.__udivmoddi4
                0x00000000080012ec      0x2d0 c:/users/jerry/appdata/roaming/code/user/globalstorage/bmd.stm32-for-vscode/@xpack-dev-tools/arm-none-eabi-gcc/10.3.1-2.3.1/.content/bin/../lib/gcc/arm-none-eabi/10.3.1/thumb/v7e-m+fp/hard\libgcc.a(_udivmoddi4.o)
                0x00000000080012ec                __udivmoddi4
 *(.glue_7)
 .glue_7        0x00000000080015bc        0x0 linker stubs
 *(.glue_7t)
 .glue_7t       0x00000000080015bc        0x0 linker stubs
 *(.eh_frame)
 .eh_frame      0x00000000080015bc        0x0 c:/users/jerry/appdata/roaming/code/user/globalstorage/bmd.stm32-for-vscode/@xpack-dev-tools/arm-none-eabi-gcc/10.3.1-2.3.1/.content/bin/../lib/gcc/arm-none-eabi/10.3.1/thumb/v7e-m+fp/hard/crtbegin.o
 *(.init)
 .init          0x00000000080015bc        0x4 c:/users/jerry/appdata/roaming/code/user/globalstorage/bmd.stm32-for-vscode/@xpack-dev-tools/arm-none-eabi-gcc/10.3.1-2.3.1/.content/bin/../lib/gcc/arm-none-eabi/10.3.1/thumb/v7e-m+fp/hard/crti.o
                0x00000000080015bc                _init
 .init          0x00000000080015c0        0x8 c:/users/jerry/appdata/roaming/code/user/globalstorage/bmd.stm32-for-vscode/@xpack-dev-tools/arm-none-eabi-gcc/10.3.1-2.3.1/.content/bin/../lib/gcc/arm-none-eabi/10.3.1/thumb/v7e-m+fp/hard/crtn.o
 *(.fini)
 .fini          0x00000000080015c8        0x4 c:/users/jerry/appdata/roaming/code/user/globalstorage/bmd.stm32-for-vscode/@xpack-dev-tools/arm-none-eabi-gcc/10.3.1-2.3.1/.content/bin/../lib/gcc/arm-none-eabi/10.3.1/thumb/v7e-m+fp/hard/crti.o
                0x00000000080015c8                _fini
 .fini          0x00000000080015cc        0x8 c:/users/jerry/appdata/roaming/code/user/globalstorage/bmd.stm32-for-vscode/@xpack-dev-tools/arm-none-eabi-gcc/10.3.1-2.3.1/.content/bin/../lib/gcc/arm-none-eabi/10.3.1/thumb/v7e-m+fp/hard/crtn.o
                0x00000000080015d4                . = ALIGN (0x4)
                0x00000000080015d4                _etext = .

.vfp11_veneer   0x00000000080015d4        0x0
 .vfp11_veneer  0x00000000080015d4        0x0 linker stubs

.v4_bx          0x00000000080015d4        0x0
 .v4_bx         0x00000000080015d4        0x0 linker stubs

.iplt           0x00000000080015d4        0x0
 .iplt          0x00000000080015d4        0x0 c:/users/jerry/appdata/roaming/code/user/globalstorage/bmd.stm32-for-vscode/@xpack-dev-tools/arm-none-eabi-gcc/10.3.1-2.3.1/.content/bin/../lib/gcc/arm-none-eabi/10.3.1/thumb/v7e-m+fp/hard/crtbegin.o

.rodata         0x00000000080015d4       0x18
                0x00000000080015d4                . = ALIGN (0x4)
 *(.rodata)
 *(.rodata*)
 .rodata.AHBPrescTable
                0x00000000080015d4       0x10 build/system_stm32f4xx.o
                0x00000000080015d4                AHBPrescTable
 .rodata.APBPrescTable
                0x00000000080015e4        0x8 build/system_stm32f4xx.o
                0x00000000080015e4                APBPrescTable
                0x00000000080015ec                . = ALIGN (0x4)

.ARM.extab
 *(.ARM.extab* .gnu.linkonce.armextab.*)

.ARM            0x00000000080015ec        0x8
                0x00000000080015ec                __exidx_start = .
 *(.ARM.exidx*)
 .ARM.exidx.text.__udivmoddi4
                0x00000000080015ec        0x8 c:/users/jerry/appdata/roaming/code/user/globalstorage/bmd.stm32-for-vscode/@xpack-dev-tools/arm-none-eabi-gcc/10.3.1-2.3.1/.content/bin/../lib/gcc/arm-none-eabi/10.3.1/thumb/v7e-m+fp/hard\libgcc.a(_udivmoddi4.o)
                0x00000000080015f4                __exidx_end = .

.rel.dyn        0x00000000080015f4        0x0
 .rel.iplt      0x00000000080015f4        0x0 c:/users/jerry/appdata/roaming/code/user/globalstorage/bmd.stm32-for-vscode/@xpack-dev-tools/arm-none-eabi-gcc/10.3.1-2.3.1/.content/bin/../lib/gcc/arm-none-eabi/10.3.1/thumb/v7e-m+fp/hard/crtbegin.o

.preinit_array  0x00000000080015f4        0x0
                0x00000000080015f4                PROVIDE (__preinit_array_start = .)
 *(.preinit_array*)
                0x00000000080015f4                PROVIDE (__preinit_array_end = .)

.init_array     0x00000000080015f4        0x4
                0x00000000080015f4                PROVIDE (__init_array_start = .)
 *(SORT_BY_NAME(.init_array.*))
 *(.init_array*)
 .init_array    0x00000000080015f4        0x4 c:/users/jerry/appdata/roaming/code/user/globalstorage/bmd.stm32-for-vscode/@xpack-dev-tools/arm-none-eabi-gcc/10.3.1-2.3.1/.content/bin/../lib/gcc/arm-none-eabi/10.3.1/thumb/v7e-m+fp/hard/crtbegin.o
                0x00000000080015f8                PROVIDE (__init_array_end = .)

.fini_array     0x00000000080015f8        0x4
                [!provide]                        PROVIDE (__fini_array_start = .)
 *(SORT_BY_NAME(.fini_array.*))
 *(.fini_array*)
 .fini_array    0x00000000080015f8        0x4 c:/users/jerry/appdata/roaming/code/user/globalstorage/bmd.stm32-for-vscode/@xpack-dev-tools/arm-none-eabi-gcc/10.3.1-2.3.1/.content/bin/../lib/gcc/arm-none-eabi/10.3.1/thumb/v7e-m+fp/hard/crtbegin.o
                [!provide]                        PROVIDE (__fini_array_end = .)
                0x00000000080015fc                _sidata = LOADADDR (.data)

.data           0x0000000020000000        0xc load address 0x00000000080015fc
                0x0000000020000000                . = ALIGN (0x4)
                0x0000000020000000                _sdata = .
 *(.data)
 *(.data*)
 .data.uwTickFreq
                0x0000000020000000        0x1 build/stm32f4xx_hal.o
                0x0000000020000000                uwTickFreq
 *fill*         0x0000000020000001        0x3 
 .data.uwTickPrio
                0x0000000020000004        0x4 build/stm32f4xx_hal.o
                0x0000000020000004                uwTickPrio
 .data.SystemCoreClock
                0x0000000020000008        0x4 build/system_stm32f4xx.o
                0x0000000020000008                SystemCoreClock
                0x000000002000000c                . = ALIGN (0x4)
                0x000000002000000c                _edata = .
                0x0000000008001608                _siccmram = LOADADDR (.ccmram)

.igot.plt       0x000000002000000c        0x0 load address 0x0000000008001608
 .igot.plt      0x000000002000000c        0x0 c:/users/jerry/appdata/roaming/code/user/globalstorage/bmd.stm32-for-vscode/@xpack-dev-tools/arm-none-eabi-gcc/10.3.1-2.3.1/.content/bin/../lib/gcc/arm-none-eabi/10.3.1/thumb/v7e-m+fp/hard/crtbegin.o

.ccmram         0x0000000010000000        0x0 load address 0x0000000008001608
                0x0000000010000000                . = ALIGN (0x4)
                0x0000000010000000                _sccmram = .
 *(.ccmram)
 *(.ccmram*)
                0x0000000010000000                . = ALIGN (0x4)
                0x0000000010000000                _eccmram = .
                0x0000000010000000                . = ALIGN (0x4)

.bss            0x000000002000000c       0x64
                0x000000002000000c                _sbss = .
                0x000000002000000c                __bss_start__ = _sbss
 *(.bss)
 *(.bss*)
 .bss.completed.1
                0x000000002000000c        0x1 c:/users/jerry/appdata/roaming/code/user/globalstorage/bmd.stm32-for-vscode/@xpack-dev-tools/arm-none-eabi-gcc/10.3.1-2.3.1/.content/bin/../lib/gcc/arm-none-eabi/10.3.1/thumb/v7e-m+fp/hard/crtbegin.o
 *fill*         0x000000002000000d        0x3 
 .bss.object.0  0x0000000020000010       0x18 c:/users/jerry/appdata/roaming/code/user/globalstorage/bmd.stm32-for-vscode/@xpack-dev-tools/arm-none-eabi-gcc/10.3.1-2.3.1/.content/bin/../lib/gcc/arm-none-eabi/10.3.1/thumb/v7e-m+fp/hard/crtbegin.o
 .bss.uwTick    0x0000000020000028        0x4 build/stm32f4xx_hal.o
                0x0000000020000028                uwTick
 .bss.huart1    0x000000002000002c       0x44 build/usart.o
                0x000000002000002c                huart1
 *(COMMON)
                0x0000000020000070                . = ALIGN (0x4)
                0x0000000020000070                _ebss = .
                0x0000000020000070                __bss_end__ = _ebss

._user_heap_stack
                0x0000000020000070      0x600
                0x0000000020000070                . = ALIGN (0x8)
                [!provide]                        PROVIDE (end = .)
                [!provide]                        PROVIDE (_end = .)
                0x0000000020000270                . = (. + _Min_Heap_Size)
 *fill*         0x0000000020000070      0x200 
                0x0000000020000670                . = (. + _Min_Stack_Size)
 *fill*         0x0000000020000270      0x400 
                0x0000000020000670                . = ALIGN (0x8)

/DISCARD/
 libc.a(*)
 libm.a(*)
 libgcc.a(*)

.ARM.attributes
                0x0000000000000000       0x30
 *(.ARM.attributes)
 .ARM.attributes
                0x0000000000000000       0x1e c:/users/jerry/appdata/roaming/code/user/globalstorage/bmd.stm32-for-vscode/@xpack-dev-tools/arm-none-eabi-gcc/10.3.1-2.3.1/.content/bin/../lib/gcc/arm-none-eabi/10.3.1/thumb/v7e-m+fp/hard/crti.o
 .ARM.attributes
                0x000000000000001e       0x34 c:/users/jerry/appdata/roaming/code/user/globalstorage/bmd.stm32-for-vscode/@xpack-dev-tools/arm-none-eabi-gcc/10.3.1-2.3.1/.content/bin/../lib/gcc/arm-none-eabi/10.3.1/thumb/v7e-m+fp/hard/crtbegin.o
 .ARM.attributes
                0x0000000000000052       0x34 build/stm32f4xx_hal.o
 .ARM.attributes
                0x0000000000000086       0x34 build/stm32f4xx_hal_cortex.o
 .ARM.attributes
                0x00000000000000ba       0x34 build/stm32f4xx_hal_gpio.o
 .ARM.attributes
                0x00000000000000ee       0x34 build/stm32f4xx_hal_rcc.o
 .ARM.attributes
                0x0000000000000122       0x34 build/stm32f4xx_hal_uart.o
 .ARM.attributes
                0x0000000000000156       0x34 build/gpio.o
 .ARM.attributes
                0x000000000000018a       0x34 build/main.o
 .ARM.attributes
                0x00000000000001be       0x34 build/stm32f4xx_hal_msp.o
 .ARM.attributes
                0x00000000000001f2       0x34 build/stm32f4xx_it.o
 .ARM.attributes
                0x0000000000000226       0x34 build/system_stm32f4xx.o
 .ARM.attributes
                0x000000000000025a       0x34 build/usart.o
 .ARM.attributes
                0x000000000000028e       0x21 build/startup_stm32f407xx.o
 .ARM.attributes
                0x00000000000002af       0x34 c:/users/jerry/appdata/roaming/code/user/globalstorage/bmd.stm32-for-vscode/@xpack-dev-tools/arm-none-eabi-gcc/10.3.1-2.3.1/.content/bin/../lib/gcc/arm-none-eabi/10.3.1/../../../../arm-none-eabi/lib/thumb/v7e-m+fp/hard\libc_nano.a(lib_a-init.o)
 .ARM.attributes
                0x00000000000002e3       0x34 c:/users/jerry/appdata/roaming/code/user/globalstorage/bmd.stm32-for-vscode/@xpack-dev-tools/arm-none-eabi-gcc/10.3.1-2.3.1/.content/bin/../lib/gcc/arm-none-eabi/10.3.1/../../../../arm-none-eabi/lib/thumb/v7e-m+fp/hard\libc_nano.a(lib_a-memset.o)
 .ARM.attributes
                0x0000000000000317       0x1e c:/users/jerry/appdata/roaming/code/user/globalstorage/bmd.stm32-for-vscode/@xpack-dev-tools/arm-none-eabi-gcc/10.3.1-2.3.1/.content/bin/../lib/gcc/arm-none-eabi/10.3.1/thumb/v7e-m+fp/hard\libgcc.a(_aeabi_uldivmod.o)
 .ARM.attributes
                0x0000000000000335       0x34 c:/users/jerry/appdata/roaming/code/user/globalstorage/bmd.stm32-for-vscode/@xpack-dev-tools/arm-none-eabi-gcc/10.3.1-2.3.1/.content/bin/../lib/gcc/arm-none-eabi/10.3.1/thumb/v7e-m+fp/hard\libgcc.a(_udivmoddi4.o)
 .ARM.attributes
                0x0000000000000369       0x1e c:/users/jerry/appdata/roaming/code/user/globalstorage/bmd.stm32-for-vscode/@xpack-dev-tools/arm-none-eabi-gcc/10.3.1-2.3.1/.content/bin/../lib/gcc/arm-none-eabi/10.3.1/thumb/v7e-m+fp/hard\libgcc.a(_dvmd_tls.o)
 .ARM.attributes
                0x0000000000000387       0x1e c:/users/jerry/appdata/roaming/code/user/globalstorage/bmd.stm32-for-vscode/@xpack-dev-tools/arm-none-eabi-gcc/10.3.1-2.3.1/.content/bin/../lib/gcc/arm-none-eabi/10.3.1/thumb/v7e-m+fp/hard/crtn.o
OUTPUT(build/usart.elf elf32-littlearm)
LOAD linker stubs
LOAD c:/users/jerry/appdata/roaming/code/user/globalstorage/bmd.stm32-for-vscode/@xpack-dev-tools/arm-none-eabi-gcc/10.3.1-2.3.1/.content/bin/../lib/gcc/arm-none-eabi/10.3.1/../../../../arm-none-eabi/lib/thumb/v7e-m+fp/hard\libc.a
LOAD c:/users/jerry/appdata/roaming/code/user/globalstorage/bmd.stm32-for-vscode/@xpack-dev-tools/arm-none-eabi-gcc/10.3.1-2.3.1/.content/bin/../lib/gcc/arm-none-eabi/10.3.1/../../../../arm-none-eabi/lib/thumb/v7e-m+fp/hard\libm.a
LOAD c:/users/jerry/appdata/roaming/code/user/globalstorage/bmd.stm32-for-vscode/@xpack-dev-tools/arm-none-eabi-gcc/10.3.1-2.3.1/.content/bin/../lib/gcc/arm-none-eabi/10.3.1/thumb/v7e-m+fp/hard\libgcc.a

.comment        0x0000000000000000       0x43
 .comment       0x0000000000000000       0x43 c:/users/jerry/appdata/roaming/code/user/globalstorage/bmd.stm32-for-vscode/@xpack-dev-tools/arm-none-eabi-gcc/10.3.1-2.3.1/.content/bin/../lib/gcc/arm-none-eabi/10.3.1/thumb/v7e-m+fp/hard/crtbegin.o
                                         0x44 (size before relaxing)
 .comment       0x0000000000000043       0x44 build/stm32f4xx_hal.o
 .comment       0x0000000000000043       0x44 build/stm32f4xx_hal_cortex.o
 .comment       0x0000000000000043       0x44 build/stm32f4xx_hal_gpio.o
 .comment       0x0000000000000043       0x44 build/stm32f4xx_hal_rcc.o
 .comment       0x0000000000000043       0x44 build/stm32f4xx_hal_uart.o
 .comment       0x0000000000000043       0x44 build/gpio.o
 .comment       0x0000000000000043       0x44 build/main.o
 .comment       0x0000000000000043       0x44 build/stm32f4xx_hal_msp.o
 .comment       0x0000000000000043       0x44 build/stm32f4xx_it.o
 .comment       0x0000000000000043       0x44 build/system_stm32f4xx.o
 .comment       0x0000000000000043       0x44 build/usart.o
 .comment       0x0000000000000043       0x44 c:/users/jerry/appdata/roaming/code/user/globalstorage/bmd.stm32-for-vscode/@xpack-dev-tools/arm-none-eabi-gcc/10.3.1-2.3.1/.content/bin/../lib/gcc/arm-none-eabi/10.3.1/../../../../arm-none-eabi/lib/thumb/v7e-m+fp/hard\libc_nano.a(lib_a-init.o)
 .comment       0x0000000000000043       0x44 c:/users/jerry/appdata/roaming/code/user/globalstorage/bmd.stm32-for-vscode/@xpack-dev-tools/arm-none-eabi-gcc/10.3.1-2.3.1/.content/bin/../lib/gcc/arm-none-eabi/10.3.1/../../../../arm-none-eabi/lib/thumb/v7e-m+fp/hard\libc_nano.a(lib_a-memset.o)
 .comment       0x0000000000000043       0x44 c:/users/jerry/appdata/roaming/code/user/globalstorage/bmd.stm32-for-vscode/@xpack-dev-tools/arm-none-eabi-gcc/10.3.1-2.3.1/.content/bin/../lib/gcc/arm-none-eabi/10.3.1/thumb/v7e-m+fp/hard\libgcc.a(_udivmoddi4.o)

.debug_info     0x0000000000000000     0x9e77
 .debug_info    0x0000000000000000      0xacf build/stm32f4xx_hal.o
 .debug_info    0x0000000000000acf     0x1174 build/stm32f4xx_hal_cortex.o
 .debug_info    0x0000000000001c43      0x848 build/stm32f4xx_hal_gpio.o
 .debug_info    0x000000000000248b      0xbe6 build/stm32f4xx_hal_rcc.o
 .debug_info    0x0000000000003071     0x43e7 build/stm32f4xx_hal_uart.o
 .debug_info    0x0000000000007458      0x514 build/gpio.o
 .debug_info    0x000000000000796c      0xd40 build/main.o
 .debug_info    0x00000000000086ac      0x2eb build/stm32f4xx_hal_msp.o
 .debug_info    0x0000000000008997      0x15a build/stm32f4xx_it.o
 .debug_info    0x0000000000008af1      0x5b3 build/system_stm32f4xx.o
 .debug_info    0x00000000000090a4      0xdb1 build/usart.o
 .debug_info    0x0000000000009e55       0x22 build/startup_stm32f407xx.o

.debug_abbrev   0x0000000000000000     0x1574
 .debug_abbrev  0x0000000000000000      0x209 build/stm32f4xx_hal.o
 .debug_abbrev  0x0000000000000209      0x382 build/stm32f4xx_hal_cortex.o
 .debug_abbrev  0x000000000000058b      0x22b build/stm32f4xx_hal_gpio.o
 .debug_abbrev  0x00000000000007b6      0x2aa build/stm32f4xx_hal_rcc.o
 .debug_abbrev  0x0000000000000a60      0x356 build/stm32f4xx_hal_uart.o
 .debug_abbrev  0x0000000000000db6      0x151 build/gpio.o
 .debug_abbrev  0x0000000000000f07      0x205 build/main.o
 .debug_abbrev  0x000000000000110c       0xd3 build/stm32f4xx_hal_msp.o
 .debug_abbrev  0x00000000000011df       0x81 build/stm32f4xx_it.o
 .debug_abbrev  0x0000000000001260      0x11b build/system_stm32f4xx.o
 .debug_abbrev  0x000000000000137b      0x1e7 build/usart.o
 .debug_abbrev  0x0000000000001562       0x12 build/startup_stm32f407xx.o

.debug_loc      0x0000000000000000     0x69c1
 .debug_loc     0x0000000000000000      0x1e1 build/stm32f4xx_hal.o
 .debug_loc     0x00000000000001e1      0x7a4 build/stm32f4xx_hal_cortex.o
 .debug_loc     0x0000000000000985      0x5e8 build/stm32f4xx_hal_gpio.o
 .debug_loc     0x0000000000000f6d      0x6e4 build/stm32f4xx_hal_rcc.o
 .debug_loc     0x0000000000001651     0x4fef build/stm32f4xx_hal_uart.o
 .debug_loc     0x0000000000006640       0x38 build/gpio.o
 .debug_loc     0x0000000000006678       0x9d build/main.o
 .debug_loc     0x0000000000006715       0x2c build/stm32f4xx_hal_msp.o
 .debug_loc     0x0000000000006741       0x20 build/stm32f4xx_it.o
 .debug_loc     0x0000000000006761      0x158 build/system_stm32f4xx.o
 .debug_loc     0x00000000000068b9      0x108 build/usart.o

.debug_aranges  0x0000000000000000      0x5d0
 .debug_aranges
                0x0000000000000000       0xf0 build/stm32f4xx_hal.o
 .debug_aranges
                0x00000000000000f0       0xa8 build/stm32f4xx_hal_cortex.o
 .debug_aranges
                0x0000000000000198       0x58 build/stm32f4xx_hal_gpio.o
 .debug_aranges
                0x00000000000001f0       0x88 build/stm32f4xx_hal_rcc.o
 .debug_aranges
                0x0000000000000278      0x200 build/stm32f4xx_hal_uart.o
 .debug_aranges
                0x0000000000000478       0x20 build/gpio.o
 .debug_aranges
                0x0000000000000498       0x38 build/main.o
 .debug_aranges
                0x00000000000004d0       0x20 build/stm32f4xx_hal_msp.o
 .debug_aranges
                0x00000000000004f0       0x60 build/stm32f4xx_it.o
 .debug_aranges
                0x0000000000000550       0x28 build/system_stm32f4xx.o
 .debug_aranges
                0x0000000000000578       0x30 build/usart.o
 .debug_aranges
                0x00000000000005a8       0x28 build/startup_stm32f407xx.o

.debug_ranges   0x0000000000000000      0x5a8
 .debug_ranges  0x0000000000000000       0xe0 build/stm32f4xx_hal.o
 .debug_ranges  0x00000000000000e0       0xf8 build/stm32f4xx_hal_cortex.o
 .debug_ranges  0x00000000000001d8       0x48 build/stm32f4xx_hal_gpio.o
 .debug_ranges  0x0000000000000220       0x90 build/stm32f4xx_hal_rcc.o
 .debug_ranges  0x00000000000002b0      0x208 build/stm32f4xx_hal_uart.o
 .debug_ranges  0x00000000000004b8       0x10 build/gpio.o
 .debug_ranges  0x00000000000004c8       0x28 build/main.o
 .debug_ranges  0x00000000000004f0       0x10 build/stm32f4xx_hal_msp.o
 .debug_ranges  0x0000000000000500       0x50 build/stm32f4xx_it.o
 .debug_ranges  0x0000000000000550       0x18 build/system_stm32f4xx.o
 .debug_ranges  0x0000000000000568       0x20 build/usart.o
 .debug_ranges  0x0000000000000588       0x20 build/startup_stm32f407xx.o

.debug_line     0x0000000000000000     0x790c
 .debug_line    0x0000000000000000      0x609 build/stm32f4xx_hal.o
 .debug_line    0x0000000000000609      0x81c build/stm32f4xx_hal_cortex.o
 .debug_line    0x0000000000000e25      0x785 build/stm32f4xx_hal_gpio.o
 .debug_line    0x00000000000015aa      0xbb3 build/stm32f4xx_hal_rcc.o
 .debug_line    0x000000000000215d     0x4692 build/stm32f4xx_hal_uart.o
 .debug_line    0x00000000000067ef      0x284 build/gpio.o
 .debug_line    0x0000000000006a73      0x3f2 build/main.o
 .debug_line    0x0000000000006e65      0x1fa build/stm32f4xx_hal_msp.o
 .debug_line    0x000000000000705f      0x160 build/stm32f4xx_it.o
 .debug_line    0x00000000000071bf      0x327 build/system_stm32f4xx.o
 .debug_line    0x00000000000074e6      0x3b0 build/usart.o
 .debug_line    0x0000000000007896       0x76 build/startup_stm32f407xx.o

.debug_str      0x0000000000000000     0x20c3
 .debug_str     0x0000000000000000      0xae3 build/stm32f4xx_hal.o
                                        0xb3c (size before relaxing)
 .debug_str     0x0000000000000ae3      0x4b9 build/stm32f4xx_hal_cortex.o
                                        0xc0e (size before relaxing)
 .debug_str     0x0000000000000f9c      0x1db build/stm32f4xx_hal_gpio.o
                                        0x4c2 (size before relaxing)
 .debug_str     0x0000000000001177      0x31e build/stm32f4xx_hal_rcc.o
                                        0x6e8 (size before relaxing)
 .debug_str     0x0000000000001495      0xa67 build/stm32f4xx_hal_uart.o
                                        0xd3b (size before relaxing)
 .debug_str     0x0000000000001efc       0x18 build/gpio.o
                                        0x35b (size before relaxing)
 .debug_str     0x0000000000001f14       0x77 build/main.o
                                        0x944 (size before relaxing)
 .debug_str     0x0000000000001f8b       0x18 build/stm32f4xx_hal_msp.o
                                        0x298 (size before relaxing)
 .debug_str     0x0000000000001fa3       0xa3 build/stm32f4xx_it.o
                                        0x20c (size before relaxing)
 .debug_str     0x0000000000002046       0x42 build/system_stm32f4xx.o
                                        0x352 (size before relaxing)
 .debug_str     0x0000000000002088       0x17 build/usart.o
                                        0xd03 (size before relaxing)
 .debug_str     0x000000000000209f       0x24 build/startup_stm32f407xx.o
                                         0x4c (size before relaxing)

.debug_frame    0x0000000000000000      0xd58
 .debug_frame   0x0000000000000000      0x1ec build/stm32f4xx_hal.o
 .debug_frame   0x00000000000001ec      0x148 build/stm32f4xx_hal_cortex.o
 .debug_frame   0x0000000000000334       0xd8 build/stm32f4xx_hal_gpio.o
 .debug_frame   0x000000000000040c      0x16c build/stm32f4xx_hal_rcc.o
 .debug_frame   0x0000000000000578      0x5cc build/stm32f4xx_hal_uart.o
 .debug_frame   0x0000000000000b44       0x34 build/gpio.o
 .debug_frame   0x0000000000000b78       0x78 build/main.o
 .debug_frame   0x0000000000000bf0       0x28 build/stm32f4xx_hal_msp.o
 .debug_frame   0x0000000000000c18       0xa8 build/stm32f4xx_it.o
 .debug_frame   0x0000000000000cc0       0x30 build/system_stm32f4xx.o
 .debug_frame   0x0000000000000cf0       0x68 build/usart.o

Cross Reference Table

Symbol                                            File
ADC_IRQHandler                                    build/startup_stm32f407xx.o
AHBPrescTable                                     build/system_stm32f4xx.o
                                                  build/stm32f4xx_hal_rcc.o
APBPrescTable                                     build/system_stm32f4xx.o
                                                  build/stm32f4xx_hal_rcc.o
BusFault_Handler                                  build/stm32f4xx_it.o
CAN1_RX0_IRQHandler                               build/startup_stm32f407xx.o
CAN1_RX1_IRQHandler                               build/startup_stm32f407xx.o
CAN1_SCE_IRQHandler                               build/startup_stm32f407xx.o
CAN1_TX_IRQHandler                                build/startup_stm32f407xx.o
CAN2_RX0_IRQHandler                               build/startup_stm32f407xx.o
CAN2_RX1_IRQHandler                               build/startup_stm32f407xx.o
CAN2_SCE_IRQHandler                               build/startup_stm32f407xx.o
CAN2_TX_IRQHandler                                build/startup_stm32f407xx.o
DCMI_IRQHandler                                   build/startup_stm32f407xx.o
DMA1_Stream0_IRQHandler                           build/startup_stm32f407xx.o
DMA1_Stream1_IRQHandler                           build/startup_stm32f407xx.o
DMA1_Stream2_IRQHandler                           build/startup_stm32f407xx.o
DMA1_Stream3_IRQHandler                           build/startup_stm32f407xx.o
DMA1_Stream4_IRQHandler                           build/startup_stm32f407xx.o
DMA1_Stream5_IRQHandler                           build/startup_stm32f407xx.o
DMA1_Stream6_IRQHandler                           build/startup_stm32f407xx.o
DMA1_Stream7_IRQHandler                           build/startup_stm32f407xx.o
DMA2_Stream0_IRQHandler                           build/startup_stm32f407xx.o
DMA2_Stream1_IRQHandler                           build/startup_stm32f407xx.o
DMA2_Stream2_IRQHandler                           build/startup_stm32f407xx.o
DMA2_Stream3_IRQHandler                           build/startup_stm32f407xx.o
DMA2_Stream4_IRQHandler                           build/startup_stm32f407xx.o
DMA2_Stream5_IRQHandler                           build/startup_stm32f407xx.o
DMA2_Stream6_IRQHandler                           build/startup_stm32f407xx.o
DMA2_Stream7_IRQHandler                           build/startup_stm32f407xx.o
DebugMon_Handler                                  build/stm32f4xx_it.o
Default_Handler                                   build/startup_stm32f407xx.o
ETH_IRQHandler                                    build/startup_stm32f407xx.o
ETH_WKUP_IRQHandler                               build/startup_stm32f407xx.o
EXTI0_IRQHandler                                  build/startup_stm32f407xx.o
EXTI15_10_IRQHandler                              build/startup_stm32f407xx.o
EXTI1_IRQHandler                                  build/startup_stm32f407xx.o
EXTI2_IRQHandler                                  build/startup_stm32f407xx.o
EXTI3_IRQHandler                                  build/startup_stm32f407xx.o
EXTI4_IRQHandler                                  build/startup_stm32f407xx.o
EXTI9_5_IRQHandler                                build/startup_stm32f407xx.o
Error_Handler                                     build/main.o
                                                  build/usart.o
FLASH_Erase_Sector                                build/stm32f4xx_hal_flash_ex.o
                                                  build/stm32f4xx_hal_flash.o
FLASH_FlushCaches                                 build/stm32f4xx_hal_flash_ex.o
                                                  build/stm32f4xx_hal_flash.o
FLASH_IRQHandler                                  build/startup_stm32f407xx.o
FLASH_WaitForLastOperation                        build/stm32f4xx_hal_flash.o
                                                  build/stm32f4xx_hal_flash_ex.o
FPU_IRQHandler                                    build/startup_stm32f407xx.o
FSMC_IRQHandler                                   build/startup_stm32f407xx.o
HAL_DBGMCU_DisableDBGSleepMode                    build/stm32f4xx_hal.o
HAL_DBGMCU_DisableDBGStandbyMode                  build/stm32f4xx_hal.o
HAL_DBGMCU_DisableDBGStopMode                     build/stm32f4xx_hal.o
HAL_DBGMCU_EnableDBGSleepMode                     build/stm32f4xx_hal.o
HAL_DBGMCU_EnableDBGStandbyMode                   build/stm32f4xx_hal.o
HAL_DBGMCU_EnableDBGStopMode                      build/stm32f4xx_hal.o
HAL_DMAEx_ChangeMemory                            build/stm32f4xx_hal_dma_ex.o
HAL_DMAEx_MultiBufferStart                        build/stm32f4xx_hal_dma_ex.o
HAL_DMAEx_MultiBufferStart_IT                     build/stm32f4xx_hal_dma_ex.o
HAL_DMA_Abort                                     build/stm32f4xx_hal_dma.o
                                                  build/stm32f4xx_hal_uart.o
HAL_DMA_Abort_IT                                  build/stm32f4xx_hal_dma.o
                                                  build/stm32f4xx_hal_uart.o
HAL_DMA_DeInit                                    build/stm32f4xx_hal_dma.o
HAL_DMA_GetError                                  build/stm32f4xx_hal_dma.o
                                                  build/stm32f4xx_hal_uart.o
HAL_DMA_GetState                                  build/stm32f4xx_hal_dma.o
HAL_DMA_IRQHandler                                build/stm32f4xx_hal_dma.o
HAL_DMA_Init                                      build/stm32f4xx_hal_dma.o
HAL_DMA_PollForTransfer                           build/stm32f4xx_hal_dma.o
HAL_DMA_RegisterCallback                          build/stm32f4xx_hal_dma.o
HAL_DMA_Start                                     build/stm32f4xx_hal_dma.o
HAL_DMA_Start_IT                                  build/stm32f4xx_hal_dma.o
                                                  build/stm32f4xx_hal_uart.o
HAL_DMA_UnRegisterCallback                        build/stm32f4xx_hal_dma.o
HAL_DeInit                                        build/stm32f4xx_hal.o
HAL_Delay                                         build/stm32f4xx_hal.o
                                                  build/main.o
HAL_DisableCompensationCell                       build/stm32f4xx_hal.o
HAL_EXTI_ClearConfigLine                          build/stm32f4xx_hal_exti.o
HAL_EXTI_ClearPending                             build/stm32f4xx_hal_exti.o
HAL_EXTI_GenerateSWI                              build/stm32f4xx_hal_exti.o
HAL_EXTI_GetConfigLine                            build/stm32f4xx_hal_exti.o
HAL_EXTI_GetHandle                                build/stm32f4xx_hal_exti.o
HAL_EXTI_GetPending                               build/stm32f4xx_hal_exti.o
HAL_EXTI_IRQHandler                               build/stm32f4xx_hal_exti.o
HAL_EXTI_RegisterCallback                         build/stm32f4xx_hal_exti.o
HAL_EXTI_SetConfigLine                            build/stm32f4xx_hal_exti.o
HAL_EnableCompensationCell                        build/stm32f4xx_hal.o
HAL_FLASHEx_Erase                                 build/stm32f4xx_hal_flash_ex.o
HAL_FLASHEx_Erase_IT                              build/stm32f4xx_hal_flash_ex.o
HAL_FLASHEx_OBGetConfig                           build/stm32f4xx_hal_flash_ex.o
HAL_FLASHEx_OBProgram                             build/stm32f4xx_hal_flash_ex.o
HAL_FLASH_EndOfOperationCallback                  build/stm32f4xx_hal_flash.o
HAL_FLASH_GetError                                build/stm32f4xx_hal_flash.o
HAL_FLASH_IRQHandler                              build/stm32f4xx_hal_flash.o
HAL_FLASH_Lock                                    build/stm32f4xx_hal_flash.o
HAL_FLASH_OB_Launch                               build/stm32f4xx_hal_flash.o
HAL_FLASH_OB_Lock                                 build/stm32f4xx_hal_flash.o
HAL_FLASH_OB_Unlock                               build/stm32f4xx_hal_flash.o
HAL_FLASH_OperationErrorCallback                  build/stm32f4xx_hal_flash.o
HAL_FLASH_Program                                 build/stm32f4xx_hal_flash.o
HAL_FLASH_Program_IT                              build/stm32f4xx_hal_flash.o
HAL_FLASH_Unlock                                  build/stm32f4xx_hal_flash.o
HAL_GPIO_DeInit                                   build/stm32f4xx_hal_gpio.o
                                                  build/usart.o
HAL_GPIO_EXTI_Callback                            build/stm32f4xx_hal_gpio.o
HAL_GPIO_EXTI_IRQHandler                          build/stm32f4xx_hal_gpio.o
HAL_GPIO_Init                                     build/stm32f4xx_hal_gpio.o
                                                  build/usart.o
                                                  build/gpio.o
                                                  build/stm32f4xx_hal_rcc.o
HAL_GPIO_LockPin                                  build/stm32f4xx_hal_gpio.o
HAL_GPIO_ReadPin                                  build/stm32f4xx_hal_gpio.o
HAL_GPIO_TogglePin                                build/stm32f4xx_hal_gpio.o
                                                  build/main.o
HAL_GPIO_WritePin                                 build/stm32f4xx_hal_gpio.o
                                                  build/main.o
                                                  build/gpio.o
HAL_GetDEVID                                      build/stm32f4xx_hal.o
HAL_GetHalVersion                                 build/stm32f4xx_hal.o
HAL_GetREVID                                      build/stm32f4xx_hal.o
HAL_GetTick                                       build/stm32f4xx_hal.o
                                                  build/stm32f4xx_hal_uart.o
                                                  build/stm32f4xx_hal_rcc_ex.o
                                                  build/stm32f4xx_hal_rcc.o
                                                  build/stm32f4xx_hal_pwr_ex.o
                                                  build/stm32f4xx_hal_flash.o
                                                  build/stm32f4xx_hal_dma.o
HAL_GetTickFreq                                   build/stm32f4xx_hal.o
HAL_GetTickPrio                                   build/stm32f4xx_hal.o
HAL_GetUIDw0                                      build/stm32f4xx_hal.o
HAL_GetUIDw1                                      build/stm32f4xx_hal.o
HAL_GetUIDw2                                      build/stm32f4xx_hal.o
HAL_HalfDuplex_EnableReceiver                     build/stm32f4xx_hal_uart.o
HAL_HalfDuplex_EnableTransmitter                  build/stm32f4xx_hal_uart.o
HAL_HalfDuplex_Init                               build/stm32f4xx_hal_uart.o
HAL_IncTick                                       build/stm32f4xx_hal.o
                                                  build/stm32f4xx_it.o
HAL_Init                                          build/stm32f4xx_hal.o
                                                  build/main.o
HAL_InitTick                                      build/stm32f4xx_hal.o
                                                  build/stm32f4xx_hal_rcc_ex.o
                                                  build/stm32f4xx_hal_rcc.o
HAL_LIN_Init                                      build/stm32f4xx_hal_uart.o
HAL_LIN_SendBreak                                 build/stm32f4xx_hal_uart.o
HAL_MPU_ConfigRegion                              build/stm32f4xx_hal_cortex.o
HAL_MPU_Disable                                   build/stm32f4xx_hal_cortex.o
HAL_MPU_Enable                                    build/stm32f4xx_hal_cortex.o
HAL_MspDeInit                                     build/stm32f4xx_hal.o
HAL_MspInit                                       build/stm32f4xx_hal_msp.o
                                                  build/stm32f4xx_hal.o
HAL_MultiProcessor_EnterMuteMode                  build/stm32f4xx_hal_uart.o
HAL_MultiProcessor_ExitMuteMode                   build/stm32f4xx_hal_uart.o
HAL_MultiProcessor_Init                           build/stm32f4xx_hal_uart.o
HAL_NVIC_ClearPendingIRQ                          build/stm32f4xx_hal_cortex.o
HAL_NVIC_DisableIRQ                               build/stm32f4xx_hal_cortex.o
                                                  build/usart.o
HAL_NVIC_EnableIRQ                                build/stm32f4xx_hal_cortex.o
                                                  build/usart.o
HAL_NVIC_GetActive                                build/stm32f4xx_hal_cortex.o
HAL_NVIC_GetPendingIRQ                            build/stm32f4xx_hal_cortex.o
HAL_NVIC_GetPriority                              build/stm32f4xx_hal_cortex.o
HAL_NVIC_GetPriorityGrouping                      build/stm32f4xx_hal_cortex.o
HAL_NVIC_SetPendingIRQ                            build/stm32f4xx_hal_cortex.o
HAL_NVIC_SetPriority                              build/stm32f4xx_hal_cortex.o
                                                  build/usart.o
                                                  build/stm32f4xx_hal.o
HAL_NVIC_SetPriorityGrouping                      build/stm32f4xx_hal_cortex.o
                                                  build/stm32f4xx_hal.o
HAL_NVIC_SystemReset                              build/stm32f4xx_hal_cortex.o
HAL_PWREx_ControlVoltageScaling                   build/stm32f4xx_hal_pwr_ex.o
HAL_PWREx_DisableBkUpReg                          build/stm32f4xx_hal_pwr_ex.o
HAL_PWREx_DisableFlashPowerDown                   build/stm32f4xx_hal_pwr_ex.o
HAL_PWREx_EnableBkUpReg                           build/stm32f4xx_hal_pwr_ex.o
HAL_PWREx_EnableFlashPowerDown                    build/stm32f4xx_hal_pwr_ex.o
HAL_PWREx_GetVoltageRange                         build/stm32f4xx_hal_pwr_ex.o
HAL_PWR_ConfigPVD                                 build/stm32f4xx_hal_pwr.o
HAL_PWR_DeInit                                    build/stm32f4xx_hal_pwr.o
HAL_PWR_DisableBkUpAccess                         build/stm32f4xx_hal_pwr.o
HAL_PWR_DisablePVD                                build/stm32f4xx_hal_pwr.o
HAL_PWR_DisableSEVOnPend                          build/stm32f4xx_hal_pwr.o
HAL_PWR_DisableSleepOnExit                        build/stm32f4xx_hal_pwr.o
HAL_PWR_DisableWakeUpPin                          build/stm32f4xx_hal_pwr.o
HAL_PWR_EnableBkUpAccess                          build/stm32f4xx_hal_pwr.o
HAL_PWR_EnablePVD                                 build/stm32f4xx_hal_pwr.o
HAL_PWR_EnableSEVOnPend                           build/stm32f4xx_hal_pwr.o
HAL_PWR_EnableSleepOnExit                         build/stm32f4xx_hal_pwr.o
HAL_PWR_EnableWakeUpPin                           build/stm32f4xx_hal_pwr.o
HAL_PWR_EnterSLEEPMode                            build/stm32f4xx_hal_pwr.o
HAL_PWR_EnterSTANDBYMode                          build/stm32f4xx_hal_pwr.o
HAL_PWR_EnterSTOPMode                             build/stm32f4xx_hal_pwr.o
HAL_PWR_PVDCallback                               build/stm32f4xx_hal_pwr.o
HAL_PWR_PVD_IRQHandler                            build/stm32f4xx_hal_pwr.o
HAL_RCCEx_DisablePLLI2S                           build/stm32f4xx_hal_rcc_ex.o
HAL_RCCEx_EnablePLLI2S                            build/stm32f4xx_hal_rcc_ex.o
HAL_RCCEx_GetPeriphCLKConfig                      build/stm32f4xx_hal_rcc_ex.o
HAL_RCCEx_GetPeriphCLKFreq                        build/stm32f4xx_hal_rcc_ex.o
HAL_RCCEx_PeriphCLKConfig                         build/stm32f4xx_hal_rcc_ex.o
HAL_RCC_CSSCallback                               build/stm32f4xx_hal_rcc.o
HAL_RCC_ClockConfig                               build/stm32f4xx_hal_rcc.o
                                                  build/main.o
HAL_RCC_DeInit                                    build/stm32f4xx_hal_rcc_ex.o
                                                  build/stm32f4xx_hal_rcc.o
HAL_RCC_DisableCSS                                build/stm32f4xx_hal_rcc.o
HAL_RCC_EnableCSS                                 build/stm32f4xx_hal_rcc.o
HAL_RCC_GetClockConfig                            build/stm32f4xx_hal_rcc.o
HAL_RCC_GetHCLKFreq                               build/stm32f4xx_hal_rcc.o
HAL_RCC_GetOscConfig                              build/stm32f4xx_hal_rcc.o
HAL_RCC_GetPCLK1Freq                              build/stm32f4xx_hal_rcc.o
                                                  build/stm32f4xx_hal_uart.o
HAL_RCC_GetPCLK2Freq                              build/stm32f4xx_hal_rcc.o
                                                  build/stm32f4xx_hal_uart.o
HAL_RCC_GetSysClockFreq                           build/stm32f4xx_hal_rcc.o
HAL_RCC_MCOConfig                                 build/stm32f4xx_hal_rcc.o
HAL_RCC_NMI_IRQHandler                            build/stm32f4xx_hal_rcc.o
HAL_RCC_OscConfig                                 build/stm32f4xx_hal_rcc.o
                                                  build/main.o
HAL_ResumeTick                                    build/stm32f4xx_hal.o
HAL_SYSTICK_CLKSourceConfig                       build/stm32f4xx_hal_cortex.o
HAL_SYSTICK_Callback                              build/stm32f4xx_hal_cortex.o
HAL_SYSTICK_Config                                build/stm32f4xx_hal_cortex.o
                                                  build/stm32f4xx_hal.o
HAL_SYSTICK_IRQHandler                            build/stm32f4xx_hal_cortex.o
HAL_SetTickFreq                                   build/stm32f4xx_hal.o
HAL_SuspendTick                                   build/stm32f4xx_hal.o
HAL_UARTEx_ReceiveToIdle                          build/stm32f4xx_hal_uart.o
HAL_UARTEx_ReceiveToIdle_DMA                      build/stm32f4xx_hal_uart.o
HAL_UARTEx_ReceiveToIdle_IT                       build/stm32f4xx_hal_uart.o
HAL_UARTEx_RxEventCallback                        build/stm32f4xx_hal_uart.o
HAL_UART_Abort                                    build/stm32f4xx_hal_uart.o
HAL_UART_AbortCpltCallback                        build/stm32f4xx_hal_uart.o
HAL_UART_AbortReceive                             build/stm32f4xx_hal_uart.o
HAL_UART_AbortReceiveCpltCallback                 build/stm32f4xx_hal_uart.o
HAL_UART_AbortReceive_IT                          build/stm32f4xx_hal_uart.o
HAL_UART_AbortTransmit                            build/stm32f4xx_hal_uart.o
HAL_UART_AbortTransmitCpltCallback                build/stm32f4xx_hal_uart.o
HAL_UART_AbortTransmit_IT                         build/stm32f4xx_hal_uart.o
HAL_UART_Abort_IT                                 build/stm32f4xx_hal_uart.o
HAL_UART_DMAPause                                 build/stm32f4xx_hal_uart.o
HAL_UART_DMAResume                                build/stm32f4xx_hal_uart.o
HAL_UART_DMAStop                                  build/stm32f4xx_hal_uart.o
HAL_UART_DeInit                                   build/stm32f4xx_hal_uart.o
HAL_UART_ErrorCallback                            build/stm32f4xx_hal_uart.o
HAL_UART_GetError                                 build/stm32f4xx_hal_uart.o
HAL_UART_GetState                                 build/stm32f4xx_hal_uart.o
HAL_UART_IRQHandler                               build/stm32f4xx_hal_uart.o
HAL_UART_Init                                     build/stm32f4xx_hal_uart.o
                                                  build/usart.o
HAL_UART_MspDeInit                                build/usart.o
                                                  build/stm32f4xx_hal_uart.o
HAL_UART_MspInit                                  build/usart.o
                                                  build/stm32f4xx_hal_uart.o
HAL_UART_Receive                                  build/stm32f4xx_hal_uart.o
HAL_UART_Receive_DMA                              build/stm32f4xx_hal_uart.o
HAL_UART_Receive_IT                               build/stm32f4xx_hal_uart.o
HAL_UART_RxCpltCallback                           build/stm32f4xx_hal_uart.o
HAL_UART_RxHalfCpltCallback                       build/stm32f4xx_hal_uart.o
HAL_UART_Transmit                                 build/stm32f4xx_hal_uart.o
                                                  build/main.o
HAL_UART_Transmit_DMA                             build/stm32f4xx_hal_uart.o
HAL_UART_Transmit_IT                              build/stm32f4xx_hal_uart.o
HAL_UART_TxCpltCallback                           build/stm32f4xx_hal_uart.o
HAL_UART_TxHalfCpltCallback                       build/stm32f4xx_hal_uart.o
HASH_RNG_IRQHandler                               build/startup_stm32f407xx.o
HardFault_Handler                                 build/stm32f4xx_it.o
I2C1_ER_IRQHandler                                build/startup_stm32f407xx.o
I2C1_EV_IRQHandler                                build/startup_stm32f407xx.o
I2C2_ER_IRQHandler                                build/startup_stm32f407xx.o
I2C2_EV_IRQHandler                                build/startup_stm32f407xx.o
I2C3_ER_IRQHandler                                build/startup_stm32f407xx.o
I2C3_EV_IRQHandler                                build/startup_stm32f407xx.o
MX_GPIO_Init                                      build/gpio.o
                                                  build/main.o
MX_USART1_UART_Init                               build/usart.o
                                                  build/main.o
MemManage_Handler                                 build/stm32f4xx_it.o
NMI_Handler                                       build/stm32f4xx_it.o
OTG_FS_IRQHandler                                 build/startup_stm32f407xx.o
OTG_FS_WKUP_IRQHandler                            build/startup_stm32f407xx.o
OTG_HS_EP1_IN_IRQHandler                          build/startup_stm32f407xx.o
OTG_HS_EP1_OUT_IRQHandler                         build/startup_stm32f407xx.o
OTG_HS_IRQHandler                                 build/startup_stm32f407xx.o
OTG_HS_WKUP_IRQHandler                            build/startup_stm32f407xx.o
PVD_IRQHandler                                    build/startup_stm32f407xx.o
PendSV_Handler                                    build/stm32f4xx_it.o
RCC_IRQHandler                                    build/startup_stm32f407xx.o
RTC_Alarm_IRQHandler                              build/startup_stm32f407xx.o
RTC_WKUP_IRQHandler                               build/startup_stm32f407xx.o
Reset_Handler                                     build/startup_stm32f407xx.o
SDIO_IRQHandler                                   build/startup_stm32f407xx.o
SPI1_IRQHandler                                   build/startup_stm32f407xx.o
SPI2_IRQHandler                                   build/startup_stm32f407xx.o
SPI3_IRQHandler                                   build/startup_stm32f407xx.o
SVC_Handler                                       build/stm32f4xx_it.o
SysTick_Handler                                   build/stm32f4xx_it.o
SystemClock_Config                                build/main.o
SystemCoreClock                                   build/system_stm32f4xx.o
                                                  build/stm32f4xx_hal_rcc_ex.o
                                                  build/stm32f4xx_hal_rcc.o
                                                  build/stm32f4xx_hal_dma.o
                                                  build/stm32f4xx_hal.o
SystemCoreClockUpdate                             build/system_stm32f4xx.o
SystemInit                                        build/system_stm32f4xx.o
                                                  build/startup_stm32f407xx.o
TAMP_STAMP_IRQHandler                             build/startup_stm32f407xx.o
TIM1_BRK_TIM9_IRQHandler                          build/startup_stm32f407xx.o
TIM1_CC_IRQHandler                                build/startup_stm32f407xx.o
TIM1_TRG_COM_TIM11_IRQHandler                     build/startup_stm32f407xx.o
TIM1_UP_TIM10_IRQHandler                          build/startup_stm32f407xx.o
TIM2_IRQHandler                                   build/startup_stm32f407xx.o
TIM3_IRQHandler                                   build/startup_stm32f407xx.o
TIM4_IRQHandler                                   build/startup_stm32f407xx.o
TIM5_IRQHandler                                   build/startup_stm32f407xx.o
TIM6_DAC_IRQHandler                               build/startup_stm32f407xx.o
TIM7_IRQHandler                                   build/startup_stm32f407xx.o
TIM8_BRK_TIM12_IRQHandler                         build/startup_stm32f407xx.o
TIM8_CC_IRQHandler                                build/startup_stm32f407xx.o
TIM8_TRG_COM_TIM14_IRQHandler                     build/startup_stm32f407xx.o
TIM8_UP_TIM13_IRQHandler                          build/startup_stm32f407xx.o
UART4_IRQHandler                                  build/startup_stm32f407xx.o
UART5_IRQHandler                                  build/startup_stm32f407xx.o
UART_Start_Receive_DMA                            build/stm32f4xx_hal_uart.o
UART_Start_Receive_IT                             build/stm32f4xx_hal_uart.o
USART1_IRQHandler                                 build/main.o
USART2_IRQHandler                                 build/startup_stm32f407xx.o
USART3_IRQHandler                                 build/startup_stm32f407xx.o
USART6_IRQHandler                                 build/startup_stm32f407xx.o
UsageFault_Handler                                build/stm32f4xx_it.o
WWDG_IRQHandler                                   build/startup_stm32f407xx.o
__aeabi_idiv0                                     c:/users/jerry/appdata/roaming/code/user/globalstorage/bmd.stm32-for-vscode/@xpack-dev-tools/arm-none-eabi-gcc/10.3.1-2.3.1/.content/bin/../lib/gcc/arm-none-eabi/10.3.1/thumb/v7e-m+fp/hard\libgcc.a(_dvmd_tls.o)
__aeabi_ldiv0                                     c:/users/jerry/appdata/roaming/code/user/globalstorage/bmd.stm32-for-vscode/@xpack-dev-tools/arm-none-eabi-gcc/10.3.1-2.3.1/.content/bin/../lib/gcc/arm-none-eabi/10.3.1/thumb/v7e-m+fp/hard\libgcc.a(_dvmd_tls.o)
                                                  c:/users/jerry/appdata/roaming/code/user/globalstorage/bmd.stm32-for-vscode/@xpack-dev-tools/arm-none-eabi-gcc/10.3.1-2.3.1/.content/bin/../lib/gcc/arm-none-eabi/10.3.1/thumb/v7e-m+fp/hard\libgcc.a(_aeabi_uldivmod.o)
__aeabi_uldivmod                                  c:/users/jerry/appdata/roaming/code/user/globalstorage/bmd.stm32-for-vscode/@xpack-dev-tools/arm-none-eabi-gcc/10.3.1-2.3.1/.content/bin/../lib/gcc/arm-none-eabi/10.3.1/thumb/v7e-m+fp/hard\libgcc.a(_aeabi_uldivmod.o)
                                                  build/stm32f4xx_hal_uart.o
                                                  build/stm32f4xx_hal_rcc.o
__bss_end__                                       c:/users/jerry/appdata/roaming/code/user/globalstorage/bmd.stm32-for-vscode/@xpack-dev-tools/arm-none-eabi-gcc/10.3.1-2.3.1/.content/bin/../lib/gcc/arm-none-eabi/10.3.1/../../../../arm-none-eabi/lib/thumb/v7e-m+fp/hard/crt0.o
__bss_start__                                     c:/users/jerry/appdata/roaming/code/user/globalstorage/bmd.stm32-for-vscode/@xpack-dev-tools/arm-none-eabi-gcc/10.3.1-2.3.1/.content/bin/../lib/gcc/arm-none-eabi/10.3.1/../../../../arm-none-eabi/lib/thumb/v7e-m+fp/hard/crt0.o
__call_exitprocs                                  c:/users/jerry/appdata/roaming/code/user/globalstorage/bmd.stm32-for-vscode/@xpack-dev-tools/arm-none-eabi-gcc/10.3.1-2.3.1/.content/bin/../lib/gcc/arm-none-eabi/10.3.1/../../../../arm-none-eabi/lib/thumb/v7e-m+fp/hard\libc_nano.a(lib_a-exit.o)
__deregister_frame_info                           c:/users/jerry/appdata/roaming/code/user/globalstorage/bmd.stm32-for-vscode/@xpack-dev-tools/arm-none-eabi-gcc/10.3.1-2.3.1/.content/bin/../lib/gcc/arm-none-eabi/10.3.1/thumb/v7e-m+fp/hard/crtbegin.o
__dso_handle                                      c:/users/jerry/appdata/roaming/code/user/globalstorage/bmd.stm32-for-vscode/@xpack-dev-tools/arm-none-eabi-gcc/10.3.1-2.3.1/.content/bin/../lib/gcc/arm-none-eabi/10.3.1/thumb/v7e-m+fp/hard/crtbegin.o
__init_array_end                                  c:/users/jerry/appdata/roaming/code/user/globalstorage/bmd.stm32-for-vscode/@xpack-dev-tools/arm-none-eabi-gcc/10.3.1-2.3.1/.content/bin/../lib/gcc/arm-none-eabi/10.3.1/../../../../arm-none-eabi/lib/thumb/v7e-m+fp/hard\libc_nano.a(lib_a-init.o)
__init_array_start                                c:/users/jerry/appdata/roaming/code/user/globalstorage/bmd.stm32-for-vscode/@xpack-dev-tools/arm-none-eabi-gcc/10.3.1-2.3.1/.content/bin/../lib/gcc/arm-none-eabi/10.3.1/../../../../arm-none-eabi/lib/thumb/v7e-m+fp/hard\libc_nano.a(lib_a-init.o)
__libc_fini_array                                 c:/users/jerry/appdata/roaming/code/user/globalstorage/bmd.stm32-for-vscode/@xpack-dev-tools/arm-none-eabi-gcc/10.3.1-2.3.1/.content/bin/../lib/gcc/arm-none-eabi/10.3.1/../../../../arm-none-eabi/lib/thumb/v7e-m+fp/hard/crt0.o
__libc_init_array                                 c:/users/jerry/appdata/roaming/code/user/globalstorage/bmd.stm32-for-vscode/@xpack-dev-tools/arm-none-eabi-gcc/10.3.1-2.3.1/.content/bin/../lib/gcc/arm-none-eabi/10.3.1/../../../../arm-none-eabi/lib/thumb/v7e-m+fp/hard\libc_nano.a(lib_a-init.o)
                                                  build/startup_stm32f407xx.o
                                                  c:/users/jerry/appdata/roaming/code/user/globalstorage/bmd.stm32-for-vscode/@xpack-dev-tools/arm-none-eabi-gcc/10.3.1-2.3.1/.content/bin/../lib/gcc/arm-none-eabi/10.3.1/../../../../arm-none-eabi/lib/thumb/v7e-m+fp/hard/crt0.o
__preinit_array_end                               c:/users/jerry/appdata/roaming/code/user/globalstorage/bmd.stm32-for-vscode/@xpack-dev-tools/arm-none-eabi-gcc/10.3.1-2.3.1/.content/bin/../lib/gcc/arm-none-eabi/10.3.1/../../../../arm-none-eabi/lib/thumb/v7e-m+fp/hard\libc_nano.a(lib_a-init.o)
__preinit_array_start                             c:/users/jerry/appdata/roaming/code/user/globalstorage/bmd.stm32-for-vscode/@xpack-dev-tools/arm-none-eabi-gcc/10.3.1-2.3.1/.content/bin/../lib/gcc/arm-none-eabi/10.3.1/../../../../arm-none-eabi/lib/thumb/v7e-m+fp/hard\libc_nano.a(lib_a-init.o)
__register_frame_info                             c:/users/jerry/appdata/roaming/code/user/globalstorage/bmd.stm32-for-vscode/@xpack-dev-tools/arm-none-eabi-gcc/10.3.1-2.3.1/.content/bin/../lib/gcc/arm-none-eabi/10.3.1/thumb/v7e-m+fp/hard/crtbegin.o
__sf_fake_stderr                                  c:/users/jerry/appdata/roaming/code/user/globalstorage/bmd.stm32-for-vscode/@xpack-dev-tools/arm-none-eabi-gcc/10.3.1-2.3.1/.content/bin/../lib/gcc/arm-none-eabi/10.3.1/../../../../arm-none-eabi/lib/thumb/v7e-m+fp/hard\libc_nano.a(lib_a-impure.o)
__sf_fake_stdin                                   c:/users/jerry/appdata/roaming/code/user/globalstorage/bmd.stm32-for-vscode/@xpack-dev-tools/arm-none-eabi-gcc/10.3.1-2.3.1/.content/bin/../lib/gcc/arm-none-eabi/10.3.1/../../../../arm-none-eabi/lib/thumb/v7e-m+fp/hard\libc_nano.a(lib_a-impure.o)
__sf_fake_stdout                                  c:/users/jerry/appdata/roaming/code/user/globalstorage/bmd.stm32-for-vscode/@xpack-dev-tools/arm-none-eabi-gcc/10.3.1-2.3.1/.content/bin/../lib/gcc/arm-none-eabi/10.3.1/../../../../arm-none-eabi/lib/thumb/v7e-m+fp/hard\libc_nano.a(lib_a-impure.o)
__stack                                           c:/users/jerry/appdata/roaming/code/user/globalstorage/bmd.stm32-for-vscode/@xpack-dev-tools/arm-none-eabi-gcc/10.3.1-2.3.1/.content/bin/../lib/gcc/arm-none-eabi/10.3.1/../../../../arm-none-eabi/lib/thumb/v7e-m+fp/hard/crt0.o
__udivmoddi4                                      c:/users/jerry/appdata/roaming/code/user/globalstorage/bmd.stm32-for-vscode/@xpack-dev-tools/arm-none-eabi-gcc/10.3.1-2.3.1/.content/bin/../lib/gcc/arm-none-eabi/10.3.1/thumb/v7e-m+fp/hard\libgcc.a(_udivmoddi4.o)
                                                  c:/users/jerry/appdata/roaming/code/user/globalstorage/bmd.stm32-for-vscode/@xpack-dev-tools/arm-none-eabi-gcc/10.3.1-2.3.1/.content/bin/../lib/gcc/arm-none-eabi/10.3.1/thumb/v7e-m+fp/hard\libgcc.a(_aeabi_uldivmod.o)
_ebss                                             build/startup_stm32f407xx.o
_edata                                            build/startup_stm32f407xx.o
_estack                                           build/startup_stm32f407xx.o
_exit                                             c:/users/jerry/appdata/roaming/code/user/globalstorage/bmd.stm32-for-vscode/@xpack-dev-tools/arm-none-eabi-gcc/10.3.1-2.3.1/.content/bin/../lib/gcc/arm-none-eabi/10.3.1/../../../../arm-none-eabi/lib/thumb/v7e-m+fp/hard\libnosys.a(_exit.o)
                                                  c:/users/jerry/appdata/roaming/code/user/globalstorage/bmd.stm32-for-vscode/@xpack-dev-tools/arm-none-eabi-gcc/10.3.1-2.3.1/.content/bin/../lib/gcc/arm-none-eabi/10.3.1/../../../../arm-none-eabi/lib/thumb/v7e-m+fp/hard\libc_nano.a(lib_a-exit.o)
_fini                                             c:/users/jerry/appdata/roaming/code/user/globalstorage/bmd.stm32-for-vscode/@xpack-dev-tools/arm-none-eabi-gcc/10.3.1-2.3.1/.content/bin/../lib/gcc/arm-none-eabi/10.3.1/thumb/v7e-m+fp/hard/crti.o
_global_impure_ptr                                c:/users/jerry/appdata/roaming/code/user/globalstorage/bmd.stm32-for-vscode/@xpack-dev-tools/arm-none-eabi-gcc/10.3.1-2.3.1/.content/bin/../lib/gcc/arm-none-eabi/10.3.1/../../../../arm-none-eabi/lib/thumb/v7e-m+fp/hard\libc_nano.a(lib_a-impure.o)
                                                  c:/users/jerry/appdata/roaming/code/user/globalstorage/bmd.stm32-for-vscode/@xpack-dev-tools/arm-none-eabi-gcc/10.3.1-2.3.1/.content/bin/../lib/gcc/arm-none-eabi/10.3.1/../../../../arm-none-eabi/lib/thumb/v7e-m+fp/hard\libc_nano.a(lib_a-exit.o)
_impure_ptr                                       c:/users/jerry/appdata/roaming/code/user/globalstorage/bmd.stm32-for-vscode/@xpack-dev-tools/arm-none-eabi-gcc/10.3.1-2.3.1/.content/bin/../lib/gcc/arm-none-eabi/10.3.1/../../../../arm-none-eabi/lib/thumb/v7e-m+fp/hard\libc_nano.a(lib_a-impure.o)
_init                                             c:/users/jerry/appdata/roaming/code/user/globalstorage/bmd.stm32-for-vscode/@xpack-dev-tools/arm-none-eabi-gcc/10.3.1-2.3.1/.content/bin/../lib/gcc/arm-none-eabi/10.3.1/thumb/v7e-m+fp/hard/crti.o
                                                  c:/users/jerry/appdata/roaming/code/user/globalstorage/bmd.stm32-for-vscode/@xpack-dev-tools/arm-none-eabi-gcc/10.3.1-2.3.1/.content/bin/../lib/gcc/arm-none-eabi/10.3.1/../../../../arm-none-eabi/lib/thumb/v7e-m+fp/hard\libc_nano.a(lib_a-init.o)
_mainCRTStartup                                   c:/users/jerry/appdata/roaming/code/user/globalstorage/bmd.stm32-for-vscode/@xpack-dev-tools/arm-none-eabi-gcc/10.3.1-2.3.1/.content/bin/../lib/gcc/arm-none-eabi/10.3.1/../../../../arm-none-eabi/lib/thumb/v7e-m+fp/hard/crt0.o
_sbss                                             build/startup_stm32f407xx.o
_sdata                                            build/startup_stm32f407xx.o
_sidata                                           build/startup_stm32f407xx.o
_stack_init                                       c:/users/jerry/appdata/roaming/code/user/globalstorage/bmd.stm32-for-vscode/@xpack-dev-tools/arm-none-eabi-gcc/10.3.1-2.3.1/.content/bin/../lib/gcc/arm-none-eabi/10.3.1/../../../../arm-none-eabi/lib/thumb/v7e-m+fp/hard/crt0.o
_start                                            c:/users/jerry/appdata/roaming/code/user/globalstorage/bmd.stm32-for-vscode/@xpack-dev-tools/arm-none-eabi-gcc/10.3.1-2.3.1/.content/bin/../lib/gcc/arm-none-eabi/10.3.1/../../../../arm-none-eabi/lib/thumb/v7e-m+fp/hard/crt0.o
atexit                                            c:/users/jerry/appdata/roaming/code/user/globalstorage/bmd.stm32-for-vscode/@xpack-dev-tools/arm-none-eabi-gcc/10.3.1-2.3.1/.content/bin/../lib/gcc/arm-none-eabi/10.3.1/../../../../arm-none-eabi/lib/thumb/v7e-m+fp/hard/crt0.o
exit                                              c:/users/jerry/appdata/roaming/code/user/globalstorage/bmd.stm32-for-vscode/@xpack-dev-tools/arm-none-eabi-gcc/10.3.1-2.3.1/.content/bin/../lib/gcc/arm-none-eabi/10.3.1/../../../../arm-none-eabi/lib/thumb/v7e-m+fp/hard\libc_nano.a(lib_a-exit.o)
                                                  c:/users/jerry/appdata/roaming/code/user/globalstorage/bmd.stm32-for-vscode/@xpack-dev-tools/arm-none-eabi-gcc/10.3.1-2.3.1/.content/bin/../lib/gcc/arm-none-eabi/10.3.1/../../../../arm-none-eabi/lib/thumb/v7e-m+fp/hard/crt0.o
g_pfnVectors                                      build/startup_stm32f407xx.o
hardware_init_hook                                c:/users/jerry/appdata/roaming/code/user/globalstorage/bmd.stm32-for-vscode/@xpack-dev-tools/arm-none-eabi-gcc/10.3.1-2.3.1/.content/bin/../lib/gcc/arm-none-eabi/10.3.1/../../../../arm-none-eabi/lib/thumb/v7e-m+fp/hard/crt0.o
huart1                                            build/usart.o
                                                  build/main.o
main                                              build/main.o
                                                  build/startup_stm32f407xx.o
                                                  c:/users/jerry/appdata/roaming/code/user/globalstorage/bmd.stm32-for-vscode/@xpack-dev-tools/arm-none-eabi-gcc/10.3.1-2.3.1/.content/bin/../lib/gcc/arm-none-eabi/10.3.1/../../../../arm-none-eabi/lib/thumb/v7e-m+fp/hard/crt0.o
memset                                            c:/users/jerry/appdata/roaming/code/user/globalstorage/bmd.stm32-for-vscode/@xpack-dev-tools/arm-none-eabi-gcc/10.3.1-2.3.1/.content/bin/../lib/gcc/arm-none-eabi/10.3.1/../../../../arm-none-eabi/lib/thumb/v7e-m+fp/hard\libc_nano.a(lib_a-memset.o)
                                                  build/main.o
                                                  c:/users/jerry/appdata/roaming/code/user/globalstorage/bmd.stm32-for-vscode/@xpack-dev-tools/arm-none-eabi-gcc/10.3.1-2.3.1/.content/bin/../lib/gcc/arm-none-eabi/10.3.1/../../../../arm-none-eabi/lib/thumb/v7e-m+fp/hard/crt0.o
pFlash                                            build/stm32f4xx_hal_flash.o
                                                  build/stm32f4xx_hal_flash_ex.o
software_init_hook                                c:/users/jerry/appdata/roaming/code/user/globalstorage/bmd.stm32-for-vscode/@xpack-dev-tools/arm-none-eabi-gcc/10.3.1-2.3.1/.content/bin/../lib/gcc/arm-none-eabi/10.3.1/../../../../arm-none-eabi/lib/thumb/v7e-m+fp/hard/crt0.o
uwTick                                            build/stm32f4xx_hal.o
uwTickFreq                                        build/stm32f4xx_hal.o
uwTickPrio                                        build/stm32f4xx_hal.o
                                                  build/stm32f4xx_hal_rcc_ex.o
                                                  build/stm32f4xx_hal_rcc.o
